Flutter crash report.
Please report a bug at https://github.com/flutter/flutter/issues.

## command

flutter run --flavor rider -t lib/main_rider.dart -d chrome

## exception

ShaderCompilerException: ShaderCompilerException: Shader compilation of "C:\flutter\packages\flutter\lib\src\material\shaders\stretch_effect.frag" to "build\flutter_assets\shaders/stretch_effect.frag" failed with exit code 1.



```
#0      ShaderCompiler.compileShader (package:flutter_tools/src/build_system/tools/shader_compiler.dart:232:9)
<asynchronous suspension>
#1      writeBundle.<anonymous closure> (package:flutter_tools/src/bundle_builder.dart:227:25)
<asynchronous suspension>
#2      Future.wait.<anonymous closure> (dart:async/future.dart:546:21)
<asynchronous suspension>
#3      writeBundle (package:flutter_tools/src/bundle_builder.dart:171:3)
<asynchronous suspension>
#4      WebDevFS.update (package:flutter_tools/src/isolated/devfs_web.dart:342:9)
<asynchronous suspension>
#5      ResidentWebRunner._updateDevFS (package:flutter_tools/src/isolated/resident_web_runner.dart:804:35)
<asynchronous suspension>
#6      ResidentWebRunner.run.<anonymous closure> (package:flutter_tools/src/isolated/resident_web_runner.dart:330:41)
<asynchronous suspension>
#7      asyncGuard.<anonymous closure> (package:flutter_tools/src/base/async_guard.dart:108:24)
<asynchronous suspension>
```

## flutter doctor

```
[32m[✓][39m Flutter (Channel stable, 3.44.6, on Microsoft Windows
    [Version 10.0.26200.8894], locale en-US) [400ms]
    [32m•[39m Flutter version 3.44.6 on channel stable at C:\flutter
    [32m•[39m Upstream repository https://github.com/flutter/flutter.git
    [32m•[39m Framework revision ee80f08bbf (2 weeks ago), 2026-07-08
      15:02:06 -0700
    [32m•[39m Engine revision 83675ed276
    [32m•[39m Dart version 3.12.2
    [32m•[39m DevTools version 2.57.0
    [32m•[39m Feature flags: enable-web, enable-linux-desktop,
      enable-macos-desktop, enable-windows-desktop,
      enable-android, enable-ios, cli-animations,
      enable-native-assets, enable-swift-package-manager,
      omit-legacy-version-file, enable-lldb-debugging,
      enable-uiscene-migration

[32m[✓][39m Windows Version (11 Pro 64-bit, 25H2, 2009) [3.7s]

[32m[✓][39m Android toolchain - develop for Android devices (Android SDK
    version 36.1.0) [29.4s]
    [32m•[39m Android SDK at C:\Users\USER\AppData\Local\Android\Sdk
    [32m•[39m Emulator version 36.6.11.0 (build_id 15507667) (CL:N/A)
    [32m•[39m Platform android-36.1, build-tools 36.1.0
    [32m•[39m ANDROID_HOME = C:\Users\USER\AppData\Local\Android\Sdk
    [32m•[39m ANDROID_SDK_ROOT = C:\Users\USER\AppData\Local\Android\Sdk
    [32m•[39m Java binary at: A:\Android\jbr\bin\java
      This is the JDK bundled with the latest Android Studio
      installation on this machine.
      To manually set the JDK path, use: `flutter config
      --jdk-dir="path/to/jdk"`.
    [32m•[39m Java version OpenJDK Runtime Environment (build
      21.0.10+-14961533-b1163.108)
    [32m•[39m All Android licenses accepted.

[32m[✓][39m Chrome - develop for the web [21ms]
    [32m•[39m Chrome at C:\Program
      Files\Google\Chrome\Application\chrome.exe

[31m[✗][39m Visual Studio - develop Windows apps [19ms]
    [31m✗[39m Visual Studio not installed; this is necessary to develop
      Windows apps.
      Download at https://visualstudio.microsoft.com/downloads/.
      Please install the "Desktop development with C++"
      workload, including all of its default components

[32m[✓][39m Connected device (3 available) [310ms]
    [32m•[39m Windows (desktop) • windows • windows-x64    • Microsoft
      Windows [Version 10.0.26200.8894]
    [32m•[39m Chrome (web)      • chrome  • web-javascript • Google
      Chrome 150.0.7871.129
    [32m•[39m Edge (web)        • edge    • web-javascript • Microsoft
      Edge 150.0.4078.83

[32m[✓][39m Network resources [1,808ms]
    [32m•[39m All expected network resources are available.

[33m![39m Doctor found issues in 1 category.
```
